c:\users\lucky\desktop\eni\payload\eni\eni\x64\debug\vc143.pdb
c:\users\lucky\desktop\eni\payload\eni\eni\x64\debug\vc143.idb
c:\users\lucky\desktop\eni\payload\eni\eni\x64\debug\eni.obj
c:\users\lucky\desktop\eni\payload\eni\eni\x64\debug\eni.ilk
c:\users\lucky\desktop\eni\payload\eni\x64\debug\eni.pdb
c:\users\lucky\desktop\eni\payload\eni\eni\x64\debug\eni.tlog\cl.command.1.tlog
c:\users\lucky\desktop\eni\payload\eni\eni\x64\debug\eni.tlog\cl.items.tlog
c:\users\lucky\desktop\eni\payload\eni\eni\x64\debug\eni.tlog\cl.read.1.tlog
c:\users\lucky\desktop\eni\payload\eni\eni\x64\debug\eni.tlog\cl.write.1.tlog
c:\users\lucky\desktop\eni\payload\eni\eni\x64\debug\eni.tlog\link.15460-cvtres.read.1.tlog
c:\users\lucky\desktop\eni\payload\eni\eni\x64\debug\eni.tlog\link.15460-cvtres.write.1.tlog
c:\users\lucky\desktop\eni\payload\eni\eni\x64\debug\eni.tlog\link.15460-rc.read.1.tlog
c:\users\lucky\desktop\eni\payload\eni\eni\x64\debug\eni.tlog\link.15460-rc.write.1.tlog
c:\users\lucky\desktop\eni\payload\eni\eni\x64\debug\eni.tlog\link.15460.read.1.tlog
c:\users\lucky\desktop\eni\payload\eni\eni\x64\debug\eni.tlog\link.15460.read.2.tlog
c:\users\lucky\desktop\eni\payload\eni\eni\x64\debug\eni.tlog\link.15460.write.1.tlog
c:\users\lucky\desktop\eni\payload\eni\eni\x64\debug\eni.tlog\link.command.1.tlog
c:\users\lucky\desktop\eni\payload\eni\eni\x64\debug\eni.tlog\link.read.1.tlog
c:\users\lucky\desktop\eni\payload\eni\eni\x64\debug\eni.tlog\link.secondary.1.tlog
c:\users\lucky\desktop\eni\payload\eni\eni\x64\debug\eni.tlog\link.write.1.tlog
